k:\repositorioporio\ti_cliente_v2\ti_cliente\cliente\x64\debug\vc143.pdb
k:\repositorioporio\ti_cliente_v2\ti_cliente\cliente\x64\debug\vc143.idb
k:\repositorioporio\ti_cliente_v2\ti_cliente\cliente\x64\debug\pantallacurses.obj
k:\repositorioporio\ti_cliente_v2\ti_cliente\cliente\x64\debug\mainmenu.obj
k:\repositorioporio\ti_cliente_v2\ti_cliente\cliente\x64\debug\main.obj
k:\repositorioporio\ti_cliente_v2\ti_cliente\cliente\x64\debug\filemanager.obj
k:\repositorioporio\ti_cliente_v2\ti_cliente\cliente\x64\debug\climessageview.obj
k:\repositorioporio\ti_cliente_v2\ti_cliente\cliente\x64\debug\cliente.obj
k:\repositorioporio\ti_cliente_v2\ti_cliente\x64\debug\cliente.pdb
k:\repositorioporio\ti_cliente_v2\ti_cliente\cliente\x64\debug\cliente.tlog\cl.command.1.tlog
k:\repositorioporio\ti_cliente_v2\ti_cliente\cliente\x64\debug\cliente.tlog\cl.read.1.tlog
k:\repositorioporio\ti_cliente_v2\ti_cliente\cliente\x64\debug\cliente.tlog\cl.write.1.tlog
k:\repositorioporio\ti_cliente_v2\ti_cliente\cliente\x64\debug\cliente.tlog\link-cvtres.read.1.tlog
k:\repositorioporio\ti_cliente_v2\ti_cliente\cliente\x64\debug\cliente.tlog\link-cvtres.write.1.tlog
k:\repositorioporio\ti_cliente_v2\ti_cliente\cliente\x64\debug\cliente.tlog\link-rc.read.1.tlog
k:\repositorioporio\ti_cliente_v2\ti_cliente\cliente\x64\debug\cliente.tlog\link-rc.write.1.tlog
k:\repositorioporio\ti_cliente_v2\ti_cliente\cliente\x64\debug\cliente.tlog\link.command.1.tlog
k:\repositorioporio\ti_cliente_v2\ti_cliente\cliente\x64\debug\cliente.tlog\link.read.1.tlog
k:\repositorioporio\ti_cliente_v2\ti_cliente\cliente\x64\debug\cliente.tlog\link.read.2.tlog
k:\repositorioporio\ti_cliente_v2\ti_cliente\cliente\x64\debug\cliente.tlog\link.read.3.tlog
k:\repositorioporio\ti_cliente_v2\ti_cliente\cliente\x64\debug\cliente.tlog\link.read.4.tlog
k:\repositorioporio\ti_cliente_v2\ti_cliente\cliente\x64\debug\cliente.tlog\link.write.1.tlog
