  XmlRpcClient.cpp
K:\FINAL\FINAL\XMLRPC++\XmlRpcClient.cpp(252,16): warning C4477: 'sprintf' : format string '%d' requires an argument of type 'int', but variadic argument 1 has type 'unsigned __int64'
  XmlRpcDispatch.cpp
      K:\FINAL\FINAL\XMLRPC++\XmlRpcClient.cpp(252,16):
      consider using '%zd' in the format string
  
  XmlRpcServer.cpp
K:\FINAL\FINAL\XMLRPC++\XmlRpcServer.cpp(275,33): warning C4267: 'argument': conversion from 'size_t' to 'int', possible loss of data
  XmlRpcServerConnection.cpp
K:\FINAL\FINAL\XMLRPC++\XmlRpcServerConnection.cpp(1,9): warning C4005: '_CRT_SECURE_NO_WARNINGS': macro redefinition
      K:\FINAL\FINAL\XMLRPC++\XmlRpcServerConnection.cpp(1,9):
      '_CRT_SECURE_NO_WARNINGS' previously declared on the command line
  
K:\FINAL\FINAL\XMLRPC++\XmlRpcServerConnection.cpp(348,19): warning C4477: 'sprintf' : format string '%d' requires an argument of type 'int', but variadic argument 1 has type 'unsigned __int64'
      K:\FINAL\FINAL\XMLRPC++\XmlRpcServerConnection.cpp(348,19):
      consider using '%zd' in the format string
  
  XmlRpcServerMethod.cpp
  XmlRpcSocket.cpp
K:\FINAL\FINAL\XMLRPC++\XmlRpcSocket.cpp(2,9): warning C4005: '_CRT_SECURE_NO_WARNINGS': macro redefinition
      K:\FINAL\FINAL\XMLRPC++\XmlRpcSocket.cpp(2,9):
      '_CRT_SECURE_NO_WARNINGS' previously declared on the command line
  
K:\FINAL\FINAL\XMLRPC++\XmlRpcSocket.cpp(20,10): warning C4005: 'EINPROGRESS': macro redefinition
      C:\Program Files (x86)\Windows Kits\10\Include\10.0.22621.0\ucrt\errno.h(101,13):
      see previous definition of 'EINPROGRESS'
  
K:\FINAL\FINAL\XMLRPC++\XmlRpcSocket.cpp(21,10): warning C4005: 'EWOULDBLOCK': macro redefinition
      C:\Program Files (x86)\Windows Kits\10\Include\10.0.22621.0\ucrt\errno.h(129,13):
      see previous definition of 'EWOULDBLOCK'
  
K:\FINAL\FINAL\XMLRPC++\XmlRpcSocket.cpp(22,10): warning C4005: 'ETIMEDOUT': macro redefinition
      C:\Program Files (x86)\Windows Kits\10\Include\10.0.22621.0\ucrt\errno.h(127,13):
      see previous definition of 'ETIMEDOUT'
  
  XmlRpcSource.cpp
  XmlRpcUtil.cpp
K:\FINAL\FINAL\XMLRPC++\XmlRpcUtil.cpp(1,9): warning C4005: '_CRT_SECURE_NO_WARNINGS': macro redefinition
      K:\FINAL\FINAL\XMLRPC++\XmlRpcUtil.cpp(1,9):
      '_CRT_SECURE_NO_WARNINGS' previously declared on the command line
  
  XmlRpcValue.cpp
K:\FINAL\FINAL\XMLRPC++\XmlRpcValue.cpp(1,9): warning C4005: '_CRT_SECURE_NO_WARNINGS': macro redefinition
      K:\FINAL\FINAL\XMLRPC++\XmlRpcValue.cpp(1,9):
      '_CRT_SECURE_NO_WARNINGS' previously declared on the command line
  
  Generating Code...
  XMLRPC++.vcxproj -> K:\FINAL\FINAL\cliente\x64\Debug\XMLRPC++.lib
